
==============================================================================
실험 4 — 실측을 흉내 낸 augmentation (Kwak et al. 2021 의 교란 축)
==============================================================================
훈련                     정상(seed0)    (b) std=0.02     (c) n1=1.50   val RMSE
증강 없음(이론)                   0.40            1.48           40.87       0.55
노이즈만                        0.51            3.35           42.81       1.60
세로만                         1.07           -1.61           42.11       1.07
가로만                        -1.30            0.57           48.00       1.36
전부                          1.27           -2.90           39.81       1.90

  (표의 수치는 참값 대비 편차 nm. val RMSE 는 각 훈련 분포의 검증셋 기준이라 직접 비교 대상이 아니다.)

==============================================================================
실험 5 — feature 공간을 넓히면 모호성이 줄어드는가
==============================================================================

[5-1] 미지수 1개(d): 파장 구간 450~750 vs 450~1000 (둘 다 300점)
구간                     국소최솟값 수         LM 무작위시작 성공률(%)     회귀망 val RMSE(nm)
450~750nm                    3                      28                 0.55
450~1000nm                   3                      37                 0.45

[5-2] 미지수 2개(d, n1): 파라미터 상호상관과 조건수
구간                  corr(d,n1)    cond(JtJ)     LM2 성공률(%)    d 산포(nm)      n1 산포
450~750nm            -0.997866    2.465e+08            100      0.9622    0.00093
450~1000nm           -0.996694    1.585e+08            100      0.9672    0.00094

==============================================================================
실험 6 — 모호한 입력에서 회귀망이 조건부 평균으로 가는가 (Bishop 1994)
==============================================================================
  좁은 구간 550~650nm: d=1490nm 에서 밴드 내 위상 변화 ≈ 1.22 프린지
  → 차수 모호성이 커진다. 학습 구간 [1200,1800] 의 중심은 1500nm.
  좁은 구간 학습 val RMSE = 2.00 nm  (넓은 구간 대비 크게 나빠야 정상)

    참 두께(nm)       회귀망 예측       편차      중심(1500)쪽으로?
        1250      1250.62     0.62                 예
        1300      1300.92     0.92                 예
        1400      1401.44     1.44                 예
        1500      1497.38    -2.62                 -
        1600      1598.15    -1.85                 예
        1700      1699.43    -0.57                 예
        1750      1751.42     1.42               아니오

  Bishop 1994 의 예측: MSE 회귀망 출력은 조건부 평균 <t|x> 다.
  모호성이 대칭인 중심부에서는 참값과 일치하고, 가장자리에서는 중심 쪽으로 끌린다.

총 소요 249s  → results.json 저장
