회귀망 학습 (일회성 비용)
  학습데이터 8000개 생성: 전방모델 8000회, 0.1s
  Adam 600 epoch 학습   : 전방모델 0회,   31s
  검증 RMSE 0.55 nm

[B] 시료마다 측정이 다른 경우 — 노이즈 seed 0~99, 무작위 시작 100회
방법                            성공률(%)        전방모델 호출/시료      시간/시료(ms)
단일 LM (무작위 시작)                    37               119           1.03
Simulated Annealing               93               301           2.94
Basin-Hopping                     99              1806          15.66
회귀망 → LM                         100                35           0.33

[A] 4편 설정 재현 — 측정 고정(seed 0), 초기값만 무작위 100회
  (4편 보고치: 단일 LM 36%, SA 100%, BH 100% — 무작위 시작 50회)
방법                            성공률(%)        전방모델 호출/시료
단일 LM (무작위 시작)                    37               116
Simulated Annealing               94               301
Basin-Hopping                     98              1798
회귀망 → LM                         100                28

일회성 비용 대 시료당 절감 (전방모델 호출 기준)
  vs Simulated Annealing    시료당    266회 절감 → 손익분기   30.1 시료
  vs Basin-Hopping          시료당   1771회 절감 → 손익분기    4.5 시료
  (일회성: 학습데이터 생성 8000회 + Adam 학습 31s)

벽시계 기준 손익분기 (Adam 학습시간까지 포함)
  vs Simulated Annealing    시료당   2.61 ms 절감 → 손익분기    11790 시료
  vs Basin-Hopping          시료당  15.33 ms 절감 → 손익분기     2008 시료
  → 전방모델이 싼 이 예제에서는 학습시간이 지배한다. 전방모델이 비싼 문제(다층 RCWA/TMM 등)에서는 위의 '호출 수' 기준이 지배하며 훨씬 빨리 회수된다.
